// Jest Snapshot v1, https://goo.gl/fbAQLP

exports[`GetUserHandler execute should return nothing if the requested user does not exist 1`] = `undefined`;

exports[`GetUserHandler execute should return the requested user correctly 1`] = `
User {
  "createdAt": 2020-04-17T12:03:42.124Z,
  "createdBy": null,
  "email": "development@icapps.com",
  "firstName": null,
  "id": "c4cb4582-1e97-4e3e-9d49-c744c8c1a229",
  "lastName": null,
  "roles": Array [
    Role {
      "id": "0c1510ab-5dca-41e2-8912-ee165140ae90",
      "name": "Admin",
    },
  ],
  "state": "ACTIVE",
  "updatedAt": 2020-04-17T12:03:42.124Z,
  "updatedBy": null,
}
`;
