// Jest Snapshot v1, https://goo.gl/fbAQLP

exports[`GetUserHandler execute should return nothing if the requested user does not exist 1`] = `undefined`;

exports[`GetUserHandler execute should return the requested user correctly 1`] = `
User {
  "createdAt": 2020-03-03T09:30:24.076Z,
  "createdBy": "tom.debuyser@gmail.com",
  "email": "wltc1@tapapp.be",
  "id": "49affd08-f461-4e80-899f-7612e971ff12",
  "isActive": true,
  "name": "User 1",
  "updatedAt": 2020-03-03T09:30:27.518Z,
  "updatedBy": "tom.debuyser@gmail.com",
}
`;
